Component: ARM Compiler 5.05 update 1 (build 106) Tool: armlink [4d0efa]

==============================================================================

Section Cross References

    startup_cmsdk_cm0.o(RESET) refers to startup_cmsdk_cm0.o(.text) for Reset_Handler
    startup_cmsdk_cm0.o(.text) refers to startup_cmsdk_cm0.o(template) for start


==============================================================================

Image Symbol Table

    Local Symbols

    Symbol Name                              Value     Ov Type        Size  Object(Section)

    RESET                                    0x00000000   Section       68  startup_cmsdk_cm0.o(RESET)
    startup_CMSDK_CM0.s                      0x00000000   Number         0  startup_cmsdk_cm0.o ABSOLUTE
    .text                                    0x00000044   Section        2  startup_cmsdk_cm0.o(.text)
    template                                 0x00000048   Section       12  startup_cmsdk_cm0.o(template)
    start                                    0x00000049   Thumb Code    12  startup_cmsdk_cm0.o(template)

    Global Symbols

    Symbol Name                              Value     Ov Type        Size  Object(Section)

    BuildAttributes$$THM_ISAv3M$S$PE$A:L22$X:L11$S22$IEEE1$IW$USESV6$~STKCKD$USESV7$~SHL$OSPACE$EBA8$STANDARDLIB$PRES8$EABIv2 0x00000000   Number         0  anon$$obj.o ABSOLUTE
    __Vectors                                0x00000000   Data           4  startup_cmsdk_cm0.o(RESET)
    Reset_Handler                            0x00000045   Thumb Code     2  startup_cmsdk_cm0.o(.text)



==============================================================================

Memory Map of the image

  Image Entry point : 0x00000045

  Load Region LR_IROM1 (Base: 0x00000000, Size: 0x00000054, Max: 0x00010000, ABSOLUTE)

    Execution Region ER_IROM1 (Exec base: 0x00000000, Load base: 0x00000000, Size: 0x00000054, Max: 0x00010000, ABSOLUTE)

    Exec Addr    Load Addr    Size         Type   Attr      Idx    E Section Name        Object

    0x00000000   0x00000000   0x00000044   Data   RO            1    RESET               startup_cmsdk_cm0.o
    0x00000044   0x00000044   0x00000002   Code   RO            2  * .text               startup_cmsdk_cm0.o
    0x00000046   0x00000046   0x00000002   PAD
    0x00000048   0x00000048   0x0000000c   Code   RO            3    template            startup_cmsdk_cm0.o


    Execution Region RW_IRAM1 (Exec base: 0x20000000, Load base: 0x00000054, Size: 0x00000000, Max: 0x00010000, ABSOLUTE)

    **** No section assigned to this execution region ****


==============================================================================

Image component sizes


      Code (inc. data)   RO Data    RW Data    ZI Data      Debug   Object Name

        14          0         68          0          0        740   startup_cmsdk_cm0.o

    ----------------------------------------------------------------------
        16          0         68          0          0        740   Object Totals
         0          0          0          0          0          0   (incl. Generated)
         2          0          0          0          0          0   (incl. Padding)

    ----------------------------------------------------------------------
         0          0          0          0          0          0   Library Totals
         0          0          0          0          0          0   (incl. Padding)

    ----------------------------------------------------------------------

==============================================================================


      Code (inc. data)   RO Data    RW Data    ZI Data      Debug   

        16          0         68          0          0        688   Grand Totals
        16          0         68          0          0        688   ELF Image Totals
        16          0         68          0          0          0   ROM Totals

==============================================================================

    Total RO  Size (Code + RO Data)                   84 (   0.08kB)
    Total RW  Size (RW Data + ZI Data)                 0 (   0.00kB)
    Total ROM Size (Code + RO Data + RW Data)         84 (   0.08kB)

==============================================================================

